{"type":"server-started","port":65314,"host":"127.0.0.1","url_host":"localhost","url":"http://localhost:65314","screen_dir":"/Users/xiangfang/Developer/projects/Stock_Trading_Life_Simulation/brainstorm_server/session/65840-1779262704/content","state_dir":"/Users/xiangfang/Developer/projects/Stock_Trading_Life_Simulation/brainstorm_server/session/65840-1779262704/state"}
{"type":"screen-added","file":"/Users/xiangfang/Developer/projects/Stock_Trading_Life_Simulation/brainstorm_server/session/65840-1779262704/content/trading-pace-and-ui.html"}
{"source":"user-event","type":"click","text":"A\n      \n        实时带流速控制制 (推荐)\n        市场随时间自动跳动。玩家可【暂停】分析、选择【1X/2X/5X】速推进、或直接【跳过】到收盘。体验最接近真实操盘，节奏完全由玩家掌握。","choice":"a","id":null,"timestamp":1779262843060}
{"type":"screen-added","file":"/Users/xiangfang/Developer/projects/Stock_Trading_Life_Simulation/brainstorm_server/session/65840-1779262704/content/economic-model.html"}
{"source":"user-event","type":"click","text":"A\n      \n        引入融资与强平机制 (推荐)\n        支持现金变为负数（即负债）。每日产生万分之五或百分之一的利息。当 负债 / 总资产 > 70%（维持担保比例吃紧）时触发 Margin Call。若不及时主动卖股还债，日终将以 95% 强制折价平仓。这极致地模拟了“赌徒输红眼”的贪婪与强平惩罚。","choice":"a","id":null,"timestamp":1779263132853}
{"source":"user-event","type":"click","text":"B\n      \n        每日自动垫付平仓 (Auto-Liquidation)\n        不允许现金过夜为负。日结算时，若现金不足以支付生活成本或事件支出，系统在结算时刻强制按当前收盘价自动卖出价值对应的股票以补足头寸。虽免去了复杂的融资预警，但丧失了杠杆和利息的策略趣味性。","choice":"b","id":null,"timestamp":1779263159918}
{"source":"user-event","type":"click","text":"A\n      \n        引入融资与强平机制 (推荐)\n        支持现金变为负数（即负债）。每日产生万分之五或百分之一的利息。当 负债 / 总资产 > 70%（维持担保比例吃紧）时触发 Margin Call。若不及时主动卖股还债，日终将以 95% 强制折价平仓。这极致地模拟了“赌徒输红眼”的贪婪与强平惩罚。","choice":"a","id":null,"timestamp":1779263203555}
{"source":"user-event","type":"click","text":"B\n      \n        每日自动垫付平仓 (Auto-Liquidation)\n        不允许现金过夜为负。日结算时，若现金不足以支付生活成本或事件支出，系统在结算时刻强制按当前收盘价自动卖出价值对应的股票以补足头寸。虽免去了复杂的融资预警，但丧失了杠杆和利息的策略趣味性。","choice":"b","id":null,"timestamp":1779263204451}
{"source":"user-event","type":"click","text":"A\n      \n        引入融资与强平机制 (推荐)\n        支持现金变为负数（即负债）。每日产生万分之五或百分之一的利息。当 负债 / 总资产 > 70%（维持担保比例吃紧）时触发 Margin Call。若不及时主动卖股还债，日终将以 95% 强制折价平仓。这极致地模拟了“赌徒输红眼”的贪婪与强平惩罚。","choice":"a","id":null,"timestamp":1779263205200}
{"source":"user-event","type":"click","text":"B\n      \n        每日自动垫付平仓 (Auto-Liquidation)\n        不允许现金过夜为负。日结算时，若现金不足以支付生活成本或事件支出，系统在结算时刻强制按当前收盘价自动卖出价值对应的股票以补足头寸。虽免去了复杂的融资预警，但丧失了杠杆和利息的策略趣味性。","choice":"b","id":null,"timestamp":1779263205857}
{"source":"user-event","type":"click","text":"A\n      \n        引入融资与强平机制 (推荐)\n        支持现金变为负数（即负债）。每日产生万分之五或百分之一的利息。当 负债 / 总资产 > 70%（维持担保比例吃紧）时触发 Margin Call。若不及时主动卖股还债，日终将以 95% 强制折价平仓。这极致地模拟了“赌徒输红眼”的贪婪与强平惩罚。","choice":"a","id":null,"timestamp":1779263206655}
{"source":"user-event","type":"click","text":"B\n      \n        每日自动垫付平仓 (Auto-Liquidation)\n        不允许现金过夜为负。日结算时，若现金不足以支付生活成本或事件支出，系统在结算时刻强制按当前收盘价自动卖出价值对应的股票以补足头寸。虽免去了复杂的融资预警，但丧失了杠杆和利息的策略趣味性。","choice":"b","id":null,"timestamp":1779263207301}
{"source":"user-event","type":"click","text":"A\n      \n        引入融资与强平机制 (推荐)\n        支持现金变为负数（即负债）。每日产生万分之五或百分之一的利息。当 负债 / 总资产 > 70%（维持担保比例吃紧）时触发 Margin Call。若不及时主动卖股还债，日终将以 95% 强制折价平仓。这极致地模拟了“赌徒输红眼”的贪婪与强平惩罚。","choice":"a","id":null,"timestamp":1779263208491}
{"source":"user-event","type":"click","text":"B\n      \n        每日自动垫付平仓 (Auto-Liquidation)\n        不允许现金过夜为负。日结算时，若现金不足以支付生活成本或事件支出，系统在结算时刻强制按当前收盘价自动卖出价值对应的股票以补足头寸。虽免去了复杂的融资预警，但丧失了杠杆和利息的策略趣味性。","choice":"b","id":null,"timestamp":1779263209305}
{"type":"screen-added","file":"/Users/xiangfang/Developer/projects/Stock_Trading_Life_Simulation/brainstorm_server/session/65840-1779262704/content/liquidation-priority.html"}
{"source":"user-event","type":"click","text":"A\n      \n        玩家可自由配置规则 (推荐)\n        在设置面板中提供单选。允许玩家根据自己的投资流派（止损流/止盈流）进行配置。如果玩家未配置，则默认采用“优先卖出浮盈最高（处置效应）”。这不仅增加了系统策略感，还完美作为复盘阶段“诊断玩家认知偏差”的数据源。","choice":"a","id":null,"timestamp":1779263320849}
{"type":"screen-added","file":"/Users/xiangfang/Developer/projects/Stock_Trading_Life_Simulation/brainstorm_server/session/65840-1779262704/content/life-trading-loop.html"}
{"source":"user-event","type":"click","text":"A\n      \n        全链路闭环 (推荐)\n        炒股亏损/大仓位抗单增加压力，赚钱减少压力。高压力会导致**交易操作滑点（胖手指概率）**、**恐慌性视觉震颤（UI波动变红闪烁）**，并且如果压力达到100%会强制触发高额医药费。迫使玩家在“赚钱”和“精神健康”间做权衡。","choice":"a","id":null,"timestamp":1779263434548}
{"source":"user-event","type":"click","text":"B\n      \n        轻量化数值挂钩\n        压力值只影响盘后结算事件。高压力会大幅增加盘后“生病住院（扣除流动现金）”或“老婆争吵（扣减资产）”等负面生活事件的随机触发概率，但不直接干扰盘中交易界面的操作。","choice":"b","id":null,"timestamp":1779263438685}
{"source":"user-event","type":"click","text":"C\n      \n        无精神状态 (维持原版纯资产版)\n        不引入“压力”或“情绪”等隐藏数值。玩家只关注账面现金与资产。生活事件纯随机触发，去SPA或去大排档仅仅根据可用现金的丰俭决定。","choice":"c","id":null,"timestamp":1779263440088}
{"source":"user-event","type":"click","text":"B\n      \n        轻量化数值挂钩\n        压力值只影响盘后结算事件。高压力会大幅增加盘后“生病住院（扣除流动现金）”或“老婆争吵（扣减资产）”等负面生活事件的随机触发概率，但不直接干扰盘中交易界面的操作。","choice":"b","id":null,"timestamp":1779263440750}
{"source":"user-event","type":"click","text":"C\n      \n        无精神状态 (维持原版纯资产版)\n        不引入“压力”或“情绪”等隐藏数值。玩家只关注账面现金与资产。生活事件纯随机触发，去SPA或去大排档仅仅根据可用现金的丰俭决定。","choice":"c","id":null,"timestamp":1779263463387}
{"type":"screen-added","file":"/Users/xiangfang/Developer/projects/Stock_Trading_Life_Simulation/brainstorm_server/session/65840-1779262704/content/stock-price-generation.html"}
{"source":"user-event","type":"click","text":"A\n      \n        目标偏差预生成法 (Target-Biased Pre-generation - 推荐)\n        开盘前一次性生成 240 步股价数组，该数组的终点严格契合消息面的设定。盘中交易时只需像播放磁带一样顺次读取。完美契合【暂停/加速/直接跳过】功能，无任何计算卡顿风险。","choice":"a","id":null,"timestamp":1779263601588}
{"source":"user-event","type":"click","text":"B\n      \n        实时物理漂移生成法 (Real-time Brownian Drift)\n        每一秒实时计算下一步价格。虽然极其真实，但无法精确控制收盘价符合“预测消息”的区间。且在玩家选择“2x/5x加速”时会给浏览器带来额外的 CPU 计算开销。","choice":"b","id":null,"timestamp":1779263614467}
{"source":"user-event","type":"click","text":"A\n      \n        目标偏差预生成法 (Target-Biased Pre-generation - 推荐)\n        开盘前一次性生成 240 步股价数组，该数组的终点严格契合消息面的设定。盘中交易时只需像播放磁带一样顺次读取。完美契合【暂停/加速/直接跳过】功能，无任何计算卡顿风险。","choice":"a","id":null,"timestamp":1779263615282}
{"type":"screen-added","file":"/Users/xiangfang/Developer/projects/Stock_Trading_Life_Simulation/brainstorm_server/session/65840-1779262704/content/endgame-report.html"}
{"source":"user-event","type":"click","text":"A\n      \n        深度心理学与指标复盘 (推荐)\n        引入【夏普比率】、【最大回撤】数学模型，并通过追踪玩家的手动止盈/止损持仓周期，算法化输出玩家的【处置效应指数】与【过度交易倾向】，最后生成精美的报告卡。能够显著拔高游戏逼格与教育价值。","choice":"a","id":null,"timestamp":1779263666148}
{"type":"server-stopped","reason":"owner process exited"}
